#-----------------------------------------------------------
# Vivado v2025.2 (64-bit)
# SW Build 6299465 on Fri Nov 14 19:35:11 GMT 2025
# IP Build 6300035 on Fri Nov 14 10:48:45 MST 2025
# SharedData Build 6298862 on Thu Nov 13 04:50:51 MST 2025
# Start of session at: Fri May  8 08:49:26 2026
# Process ID         : 25232
# Current directory  : C:/Users/Danny/Desktop/ECE528/Project/project_1/project_1.runs/synth_1
# Command line       : vivado.exe -log top.vds -product Vivado -mode batch -messageDb vivado.pb -notrace -source top.tcl
# Log file           : C:/Users/Danny/Desktop/ECE528/Project/project_1/project_1.runs/synth_1/top.vds
# Journal file       : C:/Users/Danny/Desktop/ECE528/Project/project_1/project_1.runs/synth_1\vivado.jou
# Running On         : DESKTOP-LHDH7MU
# Platform           : Windows Server 2016 or Windows 10
# Operating System   : 19045
# Processor Detail   : Intel(R) Core(TM) i7-6700K CPU @ 4.00GHz
# CPU Frequency      : 4008 MHz
# CPU Physical cores : 4
# CPU Logical cores  : 8
# Host memory        : 34305 MB
# Swap memory        : 5100 MB
# Total Virtual      : 39405 MB
# Available Virtual  : 23585 MB
#-----------------------------------------------------------
source top.tcl -notrace
